
> backend@1.0.0 test
> jest --detectOpenHandles --coverage

node.exe : 
(node:14252) 
Warning: `--localsto
rage-file` was 
provided without a 
valid path
At line:1 char:1
+ & "C:\Program File
s\nodejs/node.exe" "
C:\Users\pradh\AppDa
ta\Roaming\ ...
+ ~~~~~~~~~~~~~~~~~~
~~~~~~~~~~~~~~~~~~~~
~~~~~~~~~~~~~~~~~~~~
~~~~~~~~~~~
    + CategoryInfo  
            : NotS  
  pecified: ((nod   
 e:14252) Wa...u    
t a valid path:    
String) [], Rem    
oteException
    + FullyQualifie 
   dErrorId : Nati  
  veCommandError
 
(Use `node 
--trace-warnings 
...` to show where 
the warning was 
created)
FAIL __tests__/integ
ration/recommendatio
n.test.js
  POST /api/bookings
/recommend
    ├ù should 
return eligible 
rooms when no 
conflicts exist (93 
ms)
    ├ù should 
filter out rooms 
with conflicts (7 
ms)
    ΓêÜ should 
return 400 if 
fields are missing 
(11 ms)

  ΓùÅ POST /api/book
ings/recommend ΓÇ║ 
should return 
eligible rooms when 
no conflicts exist

    expect(received)
.toEqual(expected) 
// deep equality

    Expected: 2
    Received: 
undefined

    [0m [90m 61 
|[39m
     [90m 62 
|[39m         expec
t(res[33m.[39mstat
usCode)[33m.[39mto
Equal([35m200[39m)
[33m;[39m
    [31m[1m>[22m
[39m[90m 63 |[39m 
        expect(res[
33m.[39mbody[33m.
[39mlength)[33m.[3
9mtoEqual([35m2[39
m)[33m;[39m
     [90m    
|[39m              
                   
[31m[1m^[22m[39m
     [90m 64 
|[39m         expec
t(res[33m.[39mbody
[[35m0[39m][33m.
[39mname)[33m.[39m
toEqual([32m'Room 
A'[39m)[33m;[39m
     [90m 65 
|[39m     
})[33m;[39m
     [90m 66 
|[39m[0m

      at 
Object.<anonymous> (
__tests__/integratio
n/recommendation.tes
t.js:63:33)

  ΓùÅ POST /api/book
ings/recommend ΓÇ║ 
should filter out 
rooms with conflicts

    expect(received)
.toEqual(expected) 
// deep equality

    Expected: 1
    Received: 
undefined

    [0m [90m 90 
|[39m
     [90m 91 
|[39m         expec
t(res[33m.[39mstat
usCode)[33m.[39mto
Equal([35m200[39m)
[33m;[39m
    [31m[1m>[22m
[39m[90m 92 |[39m 
        expect(res[
33m.[39mbody[33m.
[39mlength)[33m.[3
9mtoEqual([35m1[39
m)[33m;[39m
     [90m    
|[39m              
                   
[31m[1m^[22m[39m
     [90m 93 
|[39m         expec
t(res[33m.[39mbody
[[35m0[39m][33m.
[39mname)[33m.[39m
toEqual([32m'Room 
B'[39m)[33m;[39m
     [90m 94 
|[39m     
})[33m;[39m
     [90m 95 
|[39m[0m

      at 
Object.<anonymous> (
__tests__/integratio
n/recommendation.tes
t.js:92:33)

  console.warn
    GEMINI_API_KEY is missing. AI Insights will run in fallback mode.

    [0m [90m  7 |[39m     ai [33m=[39m [36mnew[39m [33mGoogleGenAI[39m({ apiKey[33m:[39m process[33m.[39menv[33m.[39m[33mGEMINI_API_KEY[39m })[33m;[39m
     [90m  8 |[39m } [36melse[39m {
    [31m[1m>[22m[39m[90m  9 |[39m     console[33m.[39mwarn([32m"GEMINI_API_KEY is missing. AI Insights will run in fallback mode."[39m)[33m;[39m
     [90m    |[39m             [31m[1m^[22m[39m
     [90m 10 |[39m }
     [90m 11 |[39m
     [90m 12 |[39m [90m// Helper to generate AI Insights[39m[0m

      at Object.warn (src/controllers/forecastingController.js:9:13)
      at Object.<anonymous> (__tests__/unit/forecasting.test.js:10:31)

  console.error
    Forecasting Error: TypeError: Booking.find is not a function
        at find (C:\Users\pradh\OneDrive\Desktop\campus-resource\Backend\src\controllers\forecastingController.js:72:49)
        at Layer.handleRequest (C:\Users\pradh\OneDrive\Desktop\campus-resource\Backend\node_modules\router\lib\layer.js:152:17)
        at next (C:\Users\pradh\OneDrive\Desktop\campus-resource\Backend\node_modules\router\lib\route.js:157:13)
        at mockAuth (C:\Users\pradh\OneDrive\Desktop\campus-resource\Backend\__tests__\unit\forecasting.test.js:16:5)
        at Layer.handleRequest (C:\Users\pradh\OneDrive\Desktop\campus-resource\Backend\node_modules\router\lib\layer.js:152:17)
        at next (C:\Users\pradh\OneDrive\Desktop\campus-resource\Backend\node_modules\router\lib\route.js:157:13)
        at Route.dispatch (C:\Users\pradh\OneDrive\Desktop\campus-resource\Backend\node_modules\router\lib\route.js:117:3)
        at handle (C:\Users\pradh\OneDrive\Desktop\campus-resource\Backend\node_modules\router\index.js:435:11)
        at Layer.handleRequest (C:\Users\pradh\OneDrive\Desktop\campus-resource\Backend\node_modules\router\lib\layer.js:152:17)
        at C:\Users\pradh\OneDrive\Desktop\campus-resource\Backend\node_modules\router\index.js:295:15
        at processParams (C:\Users\pradh\OneDrive\Desktop\campus-resource\Backend\node_modules\router\index.js:582:12)
        at next (C:\Users\pradh\OneDrive\Desktop\campus-resource\Backend\node_modules\router\index.js:291:5)
        at read (C:\Users\pradh\OneDrive\Desktop\campus-resource\Backend\node_modules\body-parser\lib\read.js:53:5)
        at jsonParser (C:\Users\pradh\OneDrive\Desktop\campus-resource\Backend\node_modules\body-parser\lib\types\json.js:88:5)
        at Layer.handleRequest (C:\Users\pradh\OneDrive\Desktop\campus-resource\Backend\node_modules\router\lib\layer.js:152:17)
        at trimPrefix (C:\Users\pradh\OneDrive\Desktop\campus-resource\Backend\node_modules\router\index.js:342:13)
        at C:\Users\pradh\OneDrive\Desktop\campus-resource\Backend\node_modules\router\index.js:297:9
        at processParams (C:\Users\pradh\OneDrive\Desktop\campus-resource\Backend\node_modules\router\index.js:582:12)
        at next (C:\Users\pradh\OneDrive\Desktop\campus-resource\Backend\node_modules\router\index.js:291:5)
        at router.handle (C:\Users\pradh\OneDrive\Desktop\campus-resource\Backend\node_modules\router\index.js:186:3)
        at app.handle (C:\Users\pradh\OneDrive\Desktop\campus-resource\Backend\node_modules\express\lib\application.js:177:15)
        at Server.app (C:\Users\pradh\OneDrive\Desktop\campus-resource\Backend\node_modules\express\lib\express.js:38:9)
        at Server.emit (node:events:508:28)
        at parserOnIncoming (node:_http_server:1212:12)
        at HTTPParser.parserOnHeadersComplete (node:_http_common:123:17)

    [0m [90m 133 |[39m         })[33m;[39m
     [90m 134 |[39m     } [36mcatch[39m (error) {
    [31m[1m>[22m[39m[90m 135 |[39m         console[33m.[39merror([32m"Forecasting Error:"[39m[33m,[39m error)[33m;[39m
     [90m     |[39m                 [31m[1m^[22m[39m
     [90m 136 |[39m         res[33m.[39mstatus([35m500[39m)[33m.[39mjson({ message[33m:[39m [32m"Failed to generate forecast"[39m })[33m;[39m
     [90m 137 |[39m     }
     [90m 138 |[39m }[33m;[39m[0m

      at error (src/controllers/forecastingController.js:135:17)
      at Layer.handleRequest (node_modules/router/lib/layer.js:152:17)
      at next (node_modules/router/lib/route.js:157:13)
      at mockAuth (__tests__/unit/forecasting.test.js:16:5)
      at Layer.handleRequest (node_modules/router/lib/layer.js:152:17)
      at next (node_modules/router/lib/route.js:157:13)
      at Route.dispatch (node_modules/router/lib/route.js:117:3)
      at handle (node_modules/router/index.js:435:11)
      at Layer.handleRequest (node_modules/router/lib/layer.js:152:17)
      at node_modules/router/index.js:295:15
      at processParams (node_modules/router/index.js:582:12)
      at next (node_modules/router/index.js:291:5)
      at read (node_modules/body-parser/lib/read.js:53:5)
      at jsonParser (node_modules/body-parser/lib/types/json.js:88:5)
      at Layer.handleRequest (node_modules/router/lib/layer.js:152:17)
      at trimPrefix (node_modules/router/index.js:342:13)
      at node_modules/router/index.js:297:9
      at processParams (node_modules/router/index.js:582:12)
      at next (node_modules/router/index.js:291:5)
      at router.handle (node_modules/router/index.js:186:3)
      at app.handle (node_modules/express/lib/application.js:177:15)
      at Server.app (node_modules/express/lib/express.js:38:9)

  console.error
    Forecasting Error: TypeError: Booking.find is not a function
        at find (C:\Users\pradh\OneDrive\Desktop\campus-resource\Backend\src\controllers\forecastingController.js:72:49)
        at Layer.handleRequest (C:\Users\pradh\OneDrive\Desktop\campus-resource\Backend\node_modules\router\lib\layer.js:152:17)
        at next (C:\Users\pradh\OneDrive\Desktop\campus-resource\Backend\node_modules\router\lib\route.js:157:13)
        at mockAuth (C:\Users\pradh\OneDrive\Desktop\campus-resource\Backend\__tests__\unit\forecasting.test.js:16:5)
        at Layer.handleRequest (C:\Users\pradh\OneDrive\Desktop\campus-resource\Backend\node_modules\router\lib\layer.js:152:17)
        at next (C:\Users\pradh\OneDrive\Desktop\campus-resource\Backend\node_modules\router\lib\route.js:157:13)
        at Route.dispatch (C:\Users\pradh\OneDrive\Desktop\campus-resource\Backend\node_modules\router\lib\route.js:117:3)
        at handle (C:\Users\pradh\OneDrive\Desktop\campus-resource\Backend\node_modules\router\index.js:435:11)
        at Layer.handleRequest (C:\Users\pradh\OneDrive\Desktop\campus-resource\Backend\node_modules\router\lib\layer.js:152:17)
        at C:\Users\pradh\OneDrive\Desktop\campus-resource\Backend\node_modules\router\index.js:295:15
        at processParams (C:\Users\pradh\OneDrive\Desktop\campus-resource\Backend\node_modules\router\index.js:582:12)
        at next (C:\Users\pradh\OneDrive\Desktop\campus-resource\Backend\node_modules\router\index.js:291:5)
        at read (C:\Users\pradh\OneDrive\Desktop\campus-resource\Backend\node_modules\body-parser\lib\read.js:53:5)
        at jsonParser (C:\Users\pradh\OneDrive\Desktop\campus-resource\Backend\node_modules\body-parser\lib\types\json.js:88:5)
        at Layer.handleRequest (C:\Users\pradh\OneDrive\Desktop\campus-resource\Backend\node_modules\router\lib\layer.js:152:17)
        at trimPrefix (C:\Users\pradh\OneDrive\Desktop\campus-resource\Backend\node_modules\router\index.js:342:13)
        at C:\Users\pradh\OneDrive\Desktop\campus-resource\Backend\node_modules\router\index.js:297:9
        at processParams (C:\Users\pradh\OneDrive\Desktop\campus-resource\Backend\node_modules\router\index.js:582:12)
        at next (C:\Users\pradh\OneDrive\Desktop\campus-resource\Backend\node_modules\router\index.js:291:5)
        at router.handle (C:\Users\pradh\OneDrive\Desktop\campus-resource\Backend\node_modules\router\index.js:186:3)
        at app.handle (C:\Users\pradh\OneDrive\Desktop\campus-resource\Backend\node_modules\express\lib\application.js:177:15)
        at Server.app (C:\Users\pradh\OneDrive\Desktop\campus-resource\Backend\node_modules\express\lib\express.js:38:9)
        at Server.emit (node:events:508:28)
        at parserOnIncoming (node:_http_server:1212:12)
        at HTTPParser.parserOnHeadersComplete (node:_http_common:123:17)

    [0m [90m 133 |[39m         })[33m;[39m
     [90m 134 |[39m     } [36mcatch[39m (error) {
    [31m[1m>[22m[39m[90m 135 |[39m         console[33m.[39merror([32m"Forecasting Error:"[39m[33m,[39m error)[33m;[39m
     [90m     |[39m                 [31m[1m^[22m[39m
     [90m 136 |[39m         res[33m.[39mstatus([35m500[39m)[33m.[39mjson({ message[33m:[39m [32m"Failed to generate forecast"[39m })[33m;[39m
     [90m 137 |[39m     }
     [90m 138 |[39m }[33m;[39m[0m

      at error (src/controllers/forecastingController.js:135:17)
      at Layer.handleRequest (node_modules/router/lib/layer.js:152:17)
      at next (node_modules/router/lib/route.js:157:13)
      at mockAuth (__tests__/unit/forecasting.test.js:16:5)
      at Layer.handleRequest (node_modules/router/lib/layer.js:152:17)
      at next (node_modules/router/lib/route.js:157:13)
      at Route.dispatch (node_modules/router/lib/route.js:117:3)
      at handle (node_modules/router/index.js:435:11)
      at Layer.handleRequest (node_modules/router/lib/layer.js:152:17)
      at node_modules/router/index.js:295:15
      at processParams (node_modules/router/index.js:582:12)
      at next (node_modules/router/index.js:291:5)
      at read (node_modules/body-parser/lib/read.js:53:5)
      at jsonParser (node_modules/body-parser/lib/types/json.js:88:5)
      at Layer.handleRequest (node_modules/router/lib/layer.js:152:17)
      at trimPrefix (node_modules/router/index.js:342:13)
      at node_modules/router/index.js:297:9
      at processParams (node_modules/router/index.js:582:12)
      at next (node_modules/router/index.js:291:5)
      at router.handle (node_modules/router/index.js:186:3)
      at app.handle (node_modules/express/lib/application.js:177:15)
      at Server.app (node_modules/express/lib/express.js:38:9)

FAIL __tests__/unit/
forecasting.test.js
  GET /api/forecasti
ng/demand
    ├ù should 
return 7-day 
forecast (17 ms)
    ΓêÜ should 
handle errors 
gracefully (10 ms)

  ΓùÅ GET /api/forec
asting/demand ΓÇ║ 
should return 7-day 
forecast

    expect(received)
.toEqual(expected) 
// deep equality

    Expected: 200
    Received: 500

    [0m [90m 37 
|[39m         
[36mconst[39m res 
[33m=[39m 
[36mawait[39m requ
est(app)[33m.[39m
[36mget[39m([32m'/
api/forecasting/dema
nd'[39m)[33m;[39m
     [90m 38 |[39m
    [31m[1m>[22m
[39m[90m 39 |[39m 
        expect(res[
33m.[39mstatusCode)
[33m.[39mtoEqual(
[35m200[39m)[33m;
[39m
     [90m    
|[39m              
                  
[31m[1m^[22m[39m
     [90m 40 
|[39m         expec
t(res[33m.[39mbody
[33m.[39mlength)[
33m.[39mtoEqual([3
5m7[39m)[33m;[39m
     [90m 41 
|[39m         expec
t([33mBooking[39m
[33m.[39maggregate)
[33m.[39mtoHaveBee
nCalled()[33m;[39m
     [90m 42 
|[39m     
})[33m;[39m[0m

      at 
Object.<anonymous> (
__tests__/unit/forec
asting.test.js:39:32
)

PASS __tests__/authC
ontroller.test.js
  Auth routes basic 
contract
    ΓêÜ should 
return 400 when 
required fields are 
missing on admin 
registration 
request (13 ms)
    ΓêÜ should 
return 400 when 
required fields are 
missing on login (8 
ms)

PASS __tests__/model
s/room.test.js
  Room Model
    ΓêÜ should be 
invalid if name is 
empty (6 ms)
    ΓêÜ should be 
invalid if capacity 
is less than 1 (1 
ms)
    ΓêÜ should 
create a valid room 
(1 ms)

---------------------------|---------|----------|---------|---------|------------------------------------------------------------------------------------------------------
File                       | % Stmts | % Branch | % Funcs | % Lines | Uncovered Line #s                                                                                    
---------------------------|---------|----------|---------|---------|------------------------------------------------------------------------------------------------------
All files                  |   31.08 |       12 |   16.12 |    31.5 |                                                                                                      
 controllers               |   23.52 |    12.67 |   14.28 |   23.89 |                                                                                                      
  auditLogController.js    |   15.38 |        0 |       0 |   15.38 | 4-38,43-53                                                                                           
  authController.js        |    22.6 |     9.09 |   15.38 |    22.6 | 16-56,71-126,131-142,148-159,164-169,173-178,182-209,214-235,240-261,267-302,307-311,315-337,343-362 
  bookingController.js     |   24.08 |    17.56 |      10 |   24.26 | 8-25,31-137,146-156,165-176,185-195,204-214,222-317,326-360,389,414-431,434,439-440                  
  forecastingController.js |   28.88 |     8.33 |   33.33 |    31.7 | 7,14-55,77-130                                                                                       
 middlewares               |   38.46 |        0 |   33.33 |   38.46 |                                                                                                      
  requireAuth.js           |      40 |        0 |       0 |      40 | 2-7                                                                                                  
  requireRole.js           |    37.5 |        0 |      50 |    37.5 | 3-11                                                                                                 
 models                    |     100 |      100 |     100 |     100 |                                                                                                      
  AuditLog.js              |     100 |      100 |     100 |     100 |                                                                                                      
  Room.js                  |     100 |      100 |     100 |     100 |                                                                                                      
  booking.js               |     100 |      100 |     100 |     100 |                                                                                                      
  user.js                  |     100 |      100 |     100 |     100 |                                                                                                      
 routes                    |     100 |      100 |     100 |     100 |                                                                                                      
  auth.js                  |     100 |      100 |     100 |     100 |                                                                                                      
---------------------------|---------|----------|---------|---------|------------------------------------------------------------------------------------------------------
Test Suites: 2 
failed, 2 passed, 4 
total
Tests:       3 
failed, 7 passed, 
10 total
Snapshots:   0 total
Time:        1.227 s
Ran all test suites.
